// Jest Snapshot v1, https://goo.gl/fbAQLP

exports[`site/pages/home/hubspot-signup renders correctly 1`] = `
<section
  class="newsletter"
  data-cy="newsletter-signup-slice"
>
  <h2
    class="title"
  >
    Sign up to Badger News
    <span
      class="subTitle"
    >
      Be the first to hear about webinars, events, blogs and more.
    </span>
  </h2>
  <div
    class="hubspotBtn btnWrapper"
  >
    <span
      class="hs-cta-wrapper"
      id="hs-cta-wrapper-6a020b57-ac2f-4b6d-8273-503c7b261094"
    >
      <span
        class="hs-cta-node hs-cta-6a020b57-ac2f-4b6d-8273-503c7b261094"
        id="hs-cta-6a020b57-ac2f-4b6d-8273-503c7b261094"
      >
        <a
          data-cy="email-signup"
          href="https://cta-redirect.hubspot.com/cta/redirect/4210858/6a020b57-ac2f-4b6d-8273-503c7b261094"
          target="_blank"
        >
          <img
            alt="Sign Up"
            class="hs-cta-img"
            height="112"
            id="hs-cta-img-6a020b57-ac2f-4b6d-8273-503c7b261094"
            src="https://no-cache.hubspot.com/cta/default/4210858/6a020b57-ac2f-4b6d-8273-503c7b261094.png"
            style="border-width:0px;"
            width="249"
          />
        </a>
      </span>
      <script
        charset="utf-8"
        src="https://js.hscta.net/cta/current.js"
      />
      <script
        type="text/javascript"
      >
         hbspt.cta.load(4210858, '6a020b57-ac2f-4b6d-8273-503c7b261094', {}); 
      </script>
    </span>
  </div>
</section>
`;
